../Core/Src/main.c:94:6:microDelay	16	static
../Core/Src/main.c:100:9:getHX711	24	static
../Core/Src/main.c:127:5:weigh	32	static
../Core/Src/main.c:143:6:HAL_UARTEx_RxEventCallback	32	static
../Core/Src/main.c:202:5:main	56	static
../Core/Src/main.c:312:6:SystemClock_Config	72	static
../Core/Src/main.c:352:13:MX_I2C1_Init	8	static
../Core/Src/main.c:386:13:MX_TIM2_Init	32	static
../Core/Src/main.c:431:13:MX_USART2_UART_Init	8	static
../Core/Src/main.c:462:13:MX_DMA_Init	16	static
../Core/Src/main.c:480:13:MX_GPIO_Init	40	static
../Core/Src/main.c:538:6:Error_Handler	4	static,ignoring_inline_asm
